// Jest Snapshot v1, https://goo.gl/fbAQLP

exports[`Test the login page Should match the snapshot 1`] = `
<div>
  <form
    class="mt-10 flex w-[400px] flex-col justify-between gap-10 border px-3 py-4 max-sm:mx-3 max-sm:w-full"
  >
    <h2
      class="text-lg font-bold"
    >
      Login
    </h2>
    <label
      class="flex flex-col gap-2 text-sm"
      for="email"
    >
      E-mail
      <input
        class="rounded-md border-none bg-gray-50"
        id="email"
        name="email"
        type="email"
        value=""
      />
    </label>
    <label
      class="relative flex flex-col gap-2 text-sm"
      for="password"
    >
      Senha
      <input
        class="rounded-md border-none bg-gray-50"
        id="password"
        name="password"
        type="password"
        value=""
      />
      <button
        class="absolute bottom-3 right-2"
        type="button"
      >
        <svg
          fill="currentColor"
          height="1em"
          stroke="currentColor"
          stroke-width="0"
          viewBox="0 0 16 16"
          width="1em"
          xmlns="http://www.w3.org/2000/svg"
        >
          <path
            d="M16 8s-3-5.5-8-5.5S0 8 0 8s3 5.5 8 5.5S16 8 16 8zM1.173 8a13.133 13.133 0 0 1 1.66-2.043C4.12 4.668 5.88 3.5 8 3.5c2.12 0 3.879 1.168 5.168 2.457A13.133 13.133 0 0 1 14.828 8c-.058.087-.122.183-.195.288-.335.48-.83 1.12-1.465 1.755C11.879 11.332 10.119 12.5 8 12.5c-2.12 0-3.879-1.168-5.168-2.457A13.134 13.134 0 0 1 1.172 8z"
          />
          <path
            d="M8 5.5a2.5 2.5 0 1 0 0 5 2.5 2.5 0 0 0 0-5zM4.5 8a3.5 3.5 0 1 1 7 0 3.5 3.5 0 0 1-7 0z"
          />
        </svg>
      </button>
    </label>
    <button
      class="rounded-md bg-green-600 px-6 py-2.5 font-sans text-sm font-semibold text-white"
      type="submit"
    >
      ENTRAR
    </button>
    <p
      class="text-center font-sans text-xs"
    >
      Ainda n√£o sou cadastrado.
       
      <a
        class="cursor-pointer text-blue-100 underline"
      >
        Fazer cadastro
      </a>
    </p>
  </form>
</div>
`;
